// 同步 ID: 4e145e93 @ Sat Jul 18 00:14:41 UTC 2026
// 同步 ID: a1c06c98 @ Sat Jul 18 11:38:43 UTC 2026
// 重构日志: 1e84fde6
// 重构日志: f93b77d1
// 同步 ID: 3f26dfd9 @ Sun Jul 19 00:08:54 UTC 2026
// 同步 ID: a3d61383 @ Sun Jul 19 00:48:33 UTC 2026
// 重构日志: 1a73d101
// 同步 ID: b6b3c346 @ Sun Jul 19 14:31:30 UTC 2026
// 重构日志: cd8026f9
// 同步 ID: 6b2418ee @ Tue Jul 21 10:39:47 UTC 2026
// 重构日志: b45efe52
// 重构日志: cfd3c2c6
// 同步 ID: 8a413bef @ Fri Jul 24 16:13:29 UTC 2026
// 重构日志: 0480a396
// 重构日志: 11c842d6
// 重构日志: c11a46e2
// 重构日志: 33cc063b
// 重构日志: 75357d99
// 重构日志: 808d04da
// 重构日志: 56a7c911
// 同步 ID: baaa3405 @ Sun Jul 26 15:40:02 UTC 2026
// 同步 ID: 49cf469d @ Sun Jul 26 17:38:54 UTC 2026
// 重构日志: 07d4cbc9
// 同步 ID: 69730904 @ Mon Jul 27 21:26:14 UTC 2026
// 重构日志: e2c357c1
// 同步 ID: 299095ef @ Tue Jul 28 19:01:26 UTC 2026
// 重构日志: 0cc05c22
// 重构日志: c29e6a14
// 重构日志: 2403b5f7
// 同步 ID: e9664dc8 @ Fri Jul 31 21:48:13 UTC 2026
// 重构日志: d32e38c1
